// Jest Snapshot v1, https://goo.gl/fbAQLP

exports[`CreateEvent Component Testing if CreateEvent Component loads up 1`] = `
<RNCSafeAreaProvider
  onInsetsChange={[Function]}
  style={
    Array [
      Object {
        "flex": 1,
      },
      undefined,
    ]
  }
/>
`;

exports[`CreateEvent Component Testing if Sign out Component loads up 1`] = `
<RNCSafeAreaProvider
  onInsetsChange={[Function]}
  style={
    Array [
      Object {
        "flex": 1,
      },
      undefined,
    ]
  }
/>
`;
